[1/3] 拉取 CVPR2026 列表页: https://openaccess.thecvf.com/CVPR2026?day=all
      解析到 4042 篇（pdf 4042，supp 3607，bibtex 4042）
[2/3] 待抓摘要 4012 篇（已有缓存 30 篇），8 线程
      进度 200/4012（失败 0）
      进度 400/4012（失败 0）
      进度 600/4012（失败 0）
      进度 800/4012（失败 0）
      进度 1000/4012（失败 0）
      进度 1200/4012（失败 0）
      进度 1400/4012（失败 0）
      进度 1600/4012（失败 0）
      进度 1800/4012（失败 0）
      进度 2000/4012（失败 0）
      进度 2200/4012（失败 0）
      进度 2400/4012（失败 0）
      进度 2600/4012（失败 0）
      进度 2800/4012（失败 0）
      进度 3000/4012（失败 0）
      进度 3200/4012（失败 0）
      进度 3400/4012（失败 0）
      进度 3600/4012（失败 0）
      进度 3800/4012（失败 0）
      进度 4000/4012（失败 0）
      进度 4012/4012（失败 0）
[3/3] 分类并导出 ...

抽查 15 篇（主方向 / 置信度 / 标题）：
  [Other                         ] c=0.00  Vision Transformers Need More Than Registers
  [Diffusion_Generative          ] c=0.75  Neighbor-Aware Localized Concept Erasure in Text-to-Image Diffusion Models
  [Efficiency_Compression        ] c=0.50  PersonaLive! Expressive Portrait Image Animation for Live Streaming
  [Restoration_Enhancement       ] c=0.33  DTG-Restore: Training-Free Diffusion Refinement for Generative Video Super-Resolution
  [Vision_Language_Multimodal    ] c=0.75  MimicTalker: A Multimodal Interactive and Memory-Enhanced Framework for Real-Time Dyadic
  [Computational_Photography     ] c=0.82  Edit-aware RAW reconstruction
  [Vision_Language_Multimodal    ] c=0.70  rPPG-VQA: A Video Quality Assessment Framework for Unsupervised rPPG Training
  [Vision_Language_Multimodal    ] c=0.21  Video-as-Answer: Predict and Generate Next Video Event with Joint-GRPO
  [Diffusion_Generative          ] c=0.80  DiffDecompose: Layer-Wise Decomposition of Alpha-Composited Images via Diffusion Transfo
  [Efficiency_Compression        ] c=0.50  Distilling Quasi-Conformal Mapping: A Generalizable and Efficient Solution for Wide-Angl
  [Medical_Bio_RemoteSensing     ] c=0.11  X-WIN: Building Chest Radiograph World Model via Predictive Sensing
  [Transfer_FewShot_DomainAdaptation] c=1.00  Your Dissimilarities Define You: Complementary Learning Exploiting Class Diversities
  [Vision_Language_Multimodal    ] c=0.91  Twin-T & TwintVQA: A Reliable Structure-Detail Separating VLM and a Comprehensive Benchm
  [Restoration_Enhancement       ] c=1.00  Time-Aware One Step Diffusion Network for Real-World Image Super-Resolution
  [Diffusion_Generative          ] c=1.00  Learnability-Guided Diffusion for Dataset Distillation

完成。共 4042 篇，输出目录: d:\Work\yan1\paper\cvpr_papers
  全量表 : d:\Work\yan1\paper\cvpr_papers\00_ALL_labeled.csv
  分方向 : d:\Work\yan1\paper\cvpr_papers\by_topic
  统计   : d:\Work\yan1\paper\cvpr_papers\topic_stats.md
